[Setup] Using MockClaudeClient (no API key required)

╔══════════════════════════════════════════════════════════╗
║          Lab 09: QA Agent Pipeline Demo                 ║
╚══════════════════════════════════════════════════════════╝

============================================================
[Pipeline] Starting pipeline
[Pipeline] Task: Write a Python function that calculates the average of a list of numbers. It should handle edge cases like empty lists and non-numeric inputs.
============================================================
[Planner] Generating plan for task: Write a Python function that calculates the average of a list of numbers. It should handle edge cases like empty lists and non-numeric inputs.
[Planner] Plan generated:
Step 1: Understand the requirements and define input/output format.
Step 2: Design the data structures needed (e.g., classes, dicts).
Step 3: Implement the core logic with proper function decomposition.
Step 4: Add input validation and error handling.
Step 5: Write basic test cases to verify correctness.
Step 6: Refactor for readability and add docstrings.
[Planner] Plan generated
------------------------------------------------------------
[Pipeline] Attempt 1 / 3
[Coder] Generating initial code
[Coder] Code generated (258 chars)
[Coder] Code generated
[QA] Review started
[QA] Failed: The code does not handle edge cases such as empty lists or non-numeric inputs. This will cause ZeroDivisionError and TypeError at runtime.
[QA]   Issue: No check for empty list — causes ZeroDivisionError
[QA]   Issue: No type validation for list elements
[QA]   Issue: No input validation (non-list input is not handled)
[QA]   Issue: Missing docstring for main function
[QA] Failed: The code does not handle edge cases such as empty lists or non-numeric inputs. This will cause ZeroDivisionError and TypeError at runtime.
[QA]   Issue: No check for empty list — causes ZeroDivisionError
[QA]   Issue: No type validation for list elements
[QA]   Issue: No input validation (non-list input is not handled)
[QA]   Issue: Missing docstring for main function
[Coder] Regenerating code with QA feedback
------------------------------------------------------------
[Pipeline] Attempt 2 / 3
[Coder] Regenerating code with QA feedback
[Coder] Code generated (932 chars)
[Coder] Code generated
[QA] Review started
[QA] Passed: The code now properly handles edge cases and includes type validation. Logic is correct and readable.
[QA] Passed
============================================================
[Pipeline] Completed successfully on attempt 2
============================================================

── Final Generated Code ──────────────────────────────────
def calculate_average(numbers):
    """주어진 숫자 목록의 평균을 계산합니다."""
    if not isinstance(numbers, list):
        raise TypeError("Input must be a list.")
    if len(numbers) == 0:
        raise ValueError("Cannot calculate average of an empty list.")
    if not all(isinstance(n, (int, float)) for n in numbers):
        raise TypeError("All elements must be numeric.")
    return sum(numbers) / len(numbers)


def main():
    test_cases = [
        [1, 2, 3, 4, 5],
        [10, 20, 30],
        [-1, 0, 1],
    ]
    for case in test_cases:
        result = calculate_average(case)
        print(f"Average of {case} = {result}")

    # Edge case tests
    try:
        calculate_average([])
    except ValueError as e:
        print(f"[Edge case] Empty list → {e}")

    try:
        calculate_average("not a list")
    except TypeError as e:
        print(f"[Edge case] Non-list input → {e}")


if __name__ == "__main__":
    main()
─────────────────────────────────────────────────────────

[Pipeline] Done. Log saved to pipeline_run.log
